BL51 BANKED LINKER/LOCATER V6.22.2.0                                                    01/12/2019  15:27:36  PAGE 1


BL51 BANKED LINKER/LOCATER V6.22.2.0, INVOKED BY:
F:\CAI_PHAN_MEM\KEIL C 8051\C51\BIN\BL51.EXE main.obj TO LCD_test RAMSIZE (256)


MEMORY MODEL: SMALL


INPUT MODULES INCLUDED:
  main.obj (MAIN)
  F:\CAI_PHAN_MEM\KEIL C 8051\C51\LIB\C51S.LIB (?C_STARTUP)
  F:\CAI_PHAN_MEM\KEIL C 8051\C51\LIB\C51S.LIB (?C?CLDPTR)


LINK MAP OF MODULE:  LCD_test (MAIN)


            TYPE    BASE      LENGTH    RELOCATION   SEGMENT NAME
            -----------------------------------------------------

            * * * * * * *   D A T A   M E M O R Y   * * * * * * *
            REG     0000H     0008H     ABSOLUTE     "REG BANK 0"
            DATA    0008H     0003H     UNIT         _DATA_GROUP_
            IDATA   000BH     0001H     UNIT         ?STACK

            * * * * * * *   C O D E   M E M O R Y   * * * * * * *
            CODE    0000H     0003H     ABSOLUTE     
            CODE    0003H     003EH     UNIT         ?PR?LCD1602_INIT?MAIN
            CODE    0041H     0027H     UNIT         ?PR?_LCD1602_PUTS?MAIN
            CODE    0068H     0027H     UNIT         ?PR?MAIN?MAIN
            CODE    008FH     0022H     UNIT         ?PR?_LCD1602_GOTOXY?MAIN
            CODE    00B1H     0020H     UNIT         ?PR?_DELAY_MS?MAIN
            CODE    00D1H     0020H     UNIT         ?PR?_DELAY_US?MAIN
            CODE    00F1H     001EH     UNIT         ?CO?MAIN
            CODE    010FH     001CH     UNIT         ?PR?_LCD1602_SEND_4BIT_DATA?MAIN
            CODE    012BH     0019H     UNIT         ?C?LIB_CODE
            CODE    0144H     0013H     UNIT         ?PR?LCD1602_ENABLE?MAIN
            CODE    0157H     0012H     UNIT         ?PR?_LCD1602_SEND_COMMAND?MAIN
            CODE    0169H     000CH     UNIT         ?C_C51STARTUP
            CODE    0175H     0008H     UNIT         ?PR?_LCD1602_PUTCHAR?MAIN
            CODE    017DH     0005H     UNIT         ?PR?LCD1602_CLEAR?MAIN



OVERLAY MAP OF MODULE:   LCD_test (MAIN)


SEGMENT                                    DATA_GROUP 
  +--> CALLED SEGMENT                    START    LENGTH
--------------------------------------------------------
?C_C51STARTUP                            -----    -----
  +--> ?PR?MAIN?MAIN

?PR?MAIN?MAIN                            -----    -----
  +--> ?PR?LCD1602_INIT?MAIN
  +--> ?PR?LCD1602_CLEAR?MAIN
  +--> ?PR?_LCD1602_GOTOXY?MAIN
  +--> ?CO?MAIN
  +--> ?PR?_LCD1602_PUTS?MAIN
BL51 BANKED LINKER/LOCATER V6.22.2.0                                                  01/12/2019  15:27:36  PAGE 2



?PR?LCD1602_INIT?MAIN                    -----    -----
  +--> ?PR?_LCD1602_SEND_4BIT_DATA?MAIN
  +--> ?PR?_DELAY_MS?MAIN
  +--> ?PR?LCD1602_ENABLE?MAIN
  +--> ?PR?_LCD1602_SEND_COMMAND?MAIN

?PR?LCD1602_ENABLE?MAIN                  -----    -----
  +--> ?PR?_LCD1602_SEND_4BIT_DATA?MAIN
  +--> ?PR?_DELAY_US?MAIN

?PR?_LCD1602_SEND_COMMAND?MAIN           -----    -----
  +--> ?PR?LCD1602_ENABLE?MAIN
  +--> ?PR?_LCD1602_SEND_4BIT_DATA?MAIN

?PR?LCD1602_CLEAR?MAIN                   -----    -----
  +--> ?PR?_LCD1602_SEND_COMMAND?MAIN

?PR?_LCD1602_GOTOXY?MAIN                 0008H    0001H
  +--> ?PR?_DELAY_MS?MAIN
  +--> ?PR?_LCD1602_SEND_COMMAND?MAIN

?PR?_LCD1602_PUTS?MAIN                   0008H    0003H
  +--> ?PR?_LCD1602_PUTCHAR?MAIN

?PR?_LCD1602_PUTCHAR?MAIN                -----    -----
  +--> ?PR?_LCD1602_SEND_COMMAND?MAIN



SYMBOL TABLE OF MODULE:  LCD_test (MAIN)

  VALUE           TYPE          NAME
  ----------------------------------

  -------         MODULE        MAIN
  C:0000H         SYMBOL        _ICE_DUMMY_
  D:0090H         PUBLIC        P1
  C:008FH         PUBLIC        _lcd1602_gotoxy
  C:0003H         PUBLIC        lcd1602_init
  C:0068H         PUBLIC        main
  B:0090H.3       PUBLIC        LCD_D4
  B:0090H.2       PUBLIC        LCD_D5
  C:0041H         PUBLIC        _lcd1602_puts
  B:0090H.1       PUBLIC        LCD_D6
  B:0090H.0       PUBLIC        LCD_D7
  C:0147H         PUBLIC        lcd1602_enable
  C:0157H         PUBLIC        _lcd1602_send_command
  C:00B1H         PUBLIC        _delay_ms
  B:0090H.6       PUBLIC        LCD_RS
  C:0175H         PUBLIC        _lcd1602_putchar
  C:00D1H         PUBLIC        _delay_us
  B:0090H.5       PUBLIC        LCD_RW
  C:010FH         PUBLIC        _lcd1602_send_4bit_data
  C:017DH         PUBLIC        lcd1602_clear
  B:0090H.4       PUBLIC        LCD_E
  -------         PROC          _DELAY_MS
BL51 BANKED LINKER/LOCATER V6.22.2.0                                                  01/12/2019  15:27:36  PAGE 3


  D:0006H         SYMBOL        t
  -------         DO            
  D:0004H         SYMBOL        i
  D:0002H         SYMBOL        j
  -------         ENDDO         
  C:00B1H         LINE#         24
  C:00B1H         LINE#         25
  C:00B1H         LINE#         27
  C:00BBH         LINE#         28
  C:00BBH         LINE#         29
  C:00C9H         LINE#         30
  C:00D0H         LINE#         31
  -------         ENDPROC       _DELAY_MS
  -------         PROC          _DELAY_US
  D:0006H         SYMBOL        t
  -------         DO            
  D:0004H         SYMBOL        i
  D:0002H         SYMBOL        j
  -------         ENDDO         
  C:00D1H         LINE#         33
  C:00D1H         LINE#         34
  C:00D1H         LINE#         36
  C:00DBH         LINE#         37
  C:00DBH         LINE#         38
  C:00E9H         LINE#         39
  C:00F0H         LINE#         40
  -------         ENDPROC       _DELAY_US
  -------         PROC          L?0034
  -------         ENDPROC       L?0034
  -------         PROC          LCD1602_ENABLE
  C:0147H         LINE#         44
  C:0147H         LINE#         45
  C:0147H         LINE#         46
  C:0149H         LINE#         47
  C:0150H         LINE#         48
  C:0152H         LINE#         49
  -------         ENDPROC       LCD1602_ENABLE
  -------         PROC          _LCD1602_SEND_4BIT_DATA
  D:0007H         SYMBOL        cX
  C:010FH         LINE#         53
  C:010FH         LINE#         54
  C:010FH         LINE#         55
  C:0113H         LINE#         56
  C:0119H         LINE#         57
  C:0121H         LINE#         58
  C:012AH         LINE#         59
  -------         ENDPROC       _LCD1602_SEND_4BIT_DATA
  -------         PROC          _LCD1602_SEND_COMMAND
  D:0001H         SYMBOL        cX
  C:0157H         LINE#         63
  C:0159H         LINE#         64
  C:0159H         LINE#         65
  C:015EH         LINE#         66
  C:0161H         LINE#         67
  C:0166H         LINE#         68
  -------         ENDPROC       _LCD1602_SEND_COMMAND
  -------         PROC          LCD1602_INIT
BL51 BANKED LINKER/LOCATER V6.22.2.0                                                  01/12/2019  15:27:36  PAGE 4


  C:0003H         LINE#         73
  C:0003H         LINE#         74
  C:0003H         LINE#         75
  C:0008H         LINE#         76
  C:000FH         LINE#         78
  C:0011H         LINE#         79
  C:0013H         LINE#         80
  C:0015H         LINE#         82
  C:0017H         LINE#         83
  C:001AH         LINE#         84
  C:001DH         LINE#         85
  C:0020H         LINE#         86
  C:0025H         LINE#         87
  C:0028H         LINE#         89
  C:002DH         LINE#         90
  C:0032H         LINE#         91
  C:0037H         LINE#         92
  C:003CH         LINE#         93
  -------         ENDPROC       LCD1602_INIT
  -------         PROC          _LCD1602_GOTOXY
  D:0007H         SYMBOL        x
  D:0005H         SYMBOL        y
  -------         DO            
  D:0008H         SYMBOL        address
  -------         ENDDO         
  C:008FH         LINE#         98
  C:008FH         LINE#         99
  C:008FH         LINE#         101
  C:0092H         LINE#         102
  C:0099H         LINE#         104
  C:009EH         LINE#         105
  C:00A5H         LINE#         106
  C:00AAH         LINE#         107
  -------         ENDPROC       _LCD1602_GOTOXY
  -------         PROC          LCD1602_CLEAR
  C:017DH         LINE#         112
  C:017DH         LINE#         113
  C:017DH         LINE#         114
  -------         ENDPROC       LCD1602_CLEAR
  -------         PROC          _LCD1602_PUTCHAR
  D:0006H         SYMBOL        cX
  C:0175H         LINE#         120
  C:0175H         LINE#         121
  C:0175H         LINE#         122
  C:0177H         LINE#         123
  C:017AH         LINE#         124
  C:017CH         LINE#         125
  -------         ENDPROC       _LCD1602_PUTCHAR
  -------         PROC          _LCD1602_PUTS
  D:0008H         SYMBOL        s
  C:0041H         LINE#         129
  C:0047H         LINE#         130
  C:0047H         LINE#         131
  C:0053H         LINE#         132
  C:0053H         LINE#         133
  C:005AH         LINE#         134
  C:0065H         LINE#         135
BL51 BANKED LINKER/LOCATER V6.22.2.0                                                  01/12/2019  15:27:36  PAGE 5


  C:0067H         LINE#         136
  -------         ENDPROC       _LCD1602_PUTS
  -------         PROC          MAIN
  C:0068H         LINE#         142
  C:0068H         LINE#         143
  C:0068H         LINE#         144
  C:006BH         LINE#         145
  C:006EH         LINE#         146
  C:0074H         LINE#         147
  C:007DH         LINE#         148
  C:0084H         LINE#         149
  C:008DH         LINE#         150
  C:008DH         LINE#         151
  C:008DH         LINE#         153
  -------         ENDPROC       MAIN
  -------         ENDMOD        MAIN

  -------         MODULE        ?C?CLDPTR
  C:012BH         PUBLIC        ?C?CLDPTR
  -------         ENDMOD        ?C?CLDPTR

Program Size: data=12.0 xdata=0 code=386
LINK/LOCATE RUN COMPLETE.  0 WARNING(S),  0 ERROR(S)
